// Jest Snapshot v1, https://goo.gl/fbAQLP

exports[`Should MovieOverview render correctly 1`] = `
Array [
  <div
    className="movie-rating"
  >
    <div
      className="movie-rating__score"
    >
      1.5
    </div>
    <p
      className="movie-rating__meta"
    >
      <span
        className="movie-rating__level"
      >
        Bad
      </span>
      <span
        className="movie-rating__count"
      >
        1635992
         ratings
      </span>
    </p>
  </div>,
  <div
    className="movie-card__text"
  >
    The lives of two mob hitmen, a boxer, a gangster & his wife, and a pair of diner bandits intertwine in four tales of violence ,and redemption.
    <p
      className="movie-card__director"
    >
      <strong>
        Director: 
        Quentin Tarantino
      </strong>
    </p>
    <p
      className="movie-card__starring"
    >
      <strong>
        Starring: 
        Bill Murray, Edward Norton, Jude Law, Willem Dafoe
         and other
      </strong>
    </p>
  </div>,
]
`;
