// Jest Snapshot v1, https://goo.gl/fbAQLP

exports[`Should Player render correctly 1`] = `
<div
  className="player"
>
  <video
    className="player__video"
    muted={true}
    onTimeUpdate={[Function]}
    src="http://peach.themazzone.com/durian/movies/sintel-1024-surround.mp4"
  />
  <button
    className="player__exit"
    onClick={[Function]}
    type="button"
  >
    Exit
  </button>
  <div
    className="player__controls"
  >
    <TimeBar
      isPlaying={false}
      onPlayModeChange={[Function]}
      onTimeChange={[Function]}
      runTime={5400}
    />
    <div
      className="player__controls-row"
    >
      <button
        className="player__play"
        onClick={[Function]}
        type="button"
      >
        <svg
          height="19"
          viewBox="0 0 19 19"
          width="19"
        >
          <use
            xlinkHref="#play-s"
          />
        </svg>
        <span>
          Play
        </span>
      </button>
      <div
        className="player__name"
      >
        Transpotting
      </div>
      <button
        className="player__full-screen"
        onClick={[Function]}
        type="button"
      >
        <svg
          height="27"
          viewBox="0 0 27 27"
          width="27"
        >
          <use
            xlinkHref="#full-screen"
          />
        </svg>
        <span>
          Full screen
        </span>
      </button>
    </div>
  </div>
</div>
`;
