// Jest Snapshot v1, https://goo.gl/fbAQLP

exports[`Should withVideo render correctly 1`] = `
<video
  height="175"
  muted={true}
  width="280"
/>
`;
