// Jest Snapshot v1, https://goo.gl/fbAQLP

exports[`Should withActiveControl render correctly 1`] = `<div />`;
