// Jest Snapshot v1, https://goo.gl/fbAQLP

exports[`Should withUserReview render correctly 1`] = `<div />`;
