// Jest Snapshot v1, https://goo.gl/fbAQLP

exports[`Should MovieInfo render correctly 1`] = `
<div
  className="movie-card__desc"
>
  <MovieTabs
    onTabClick={[Function]}
    viewType="overview"
  />
  <MovieOverview
    film={
      Object {
        "backgroundColor": "#795433",
        "backgroundPicture": "https://assets.htmlacademy.ru/intensives/javascript-3/film/background/Pulp_Fiction.jpg",
        "description": "The lives of two mob hitmen, a boxer, a gangster & his wife, and a pair of diner bandits intertwine in four tales of violence ,and redemption.",
        "director": "Quentin Tarantino",
        "genre": "Crime",
        "id": 2,
        "isFavorite": false,
        "picture": "https://assets.htmlacademy.ru/intensives/javascript-3/film/preview/pulp-fiction.jpg",
        "poster": "https://assets.htmlacademy.ru/intensives/javascript-3/film/poster/Pulp_Fiction.jpg",
        "previewVideoSrc": "https://upload.wikimedia.org/wikipedia/commons/transcoded/b/b3/Big_Buck_Bunny_Trailer_400p.ogv/Big_Buck_Bunny_Trailer_400p.,ogv.360p.webm",
        "rate": 1.5,
        "releaseDate": 1994,
        "runTime": 153,
        "starring": Array [
          "Bill Murray",
          "Edward Norton",
          "Jude Law",
          "Willem Dafoe",
          "Saoirse Ronan",
          "Tony Revoloru",
          "Tilda Swinton",
          "Tom Wilkinson",
          "Owen Wilkinson",
          "Adrien Brody",
          "Ralph Fiennes",
          "Jeff Goldblum",
        ],
        "title": "Pulp Fiction",
        "videoSrc": "http://peach.themazzone.com/durian/movies/sintel-1024-surround.mp4",
        "voteCount": 1635992,
      }
    }
  />
</div>
`;
