// Jest Snapshot v1, https://goo.gl/fbAQLP

exports[`Should AddReview render correctly 1`] = `
<section
  className="movie-card movie-card--full"
  style={
    Object {
      "backgroundColor": "#795433",
    }
  }
>
  <div
    className="movie-card__header"
  >
    <div
      className="movie-card__bg"
    >
      <img
        alt="Pulp Fiction"
        src="https://assets.htmlacademy.ru/intensives/javascript-3/film/background/Pulp_Fiction.jpg"
      />
    </div>
    <h1
      className="visually-hidden"
    >
      WTW
    </h1>
    <header
      className="page-header"
    >
      <div
        className="logo"
      >
        <a
          className="logo__link"
          href="/"
          onClick={[Function]}
        >
          <span
            className="logo__letter logo__letter--1"
          >
            W
          </span>
          <span
            className="logo__letter logo__letter--2"
          >
            T
          </span>
          <span
            className="logo__letter logo__letter--3"
          >
            W
          </span>
        </a>
      </div>
      <nav
        className="breadcrumbs"
      >
        <ul
          className="breadcrumbs__list"
        >
          <li
            className="breadcrumbs__item"
          >
            <a
              className="breadcrumbs__link"
              href="/films/2"
              onClick={[Function]}
            >
              Pulp Fiction
            </a>
          </li>
          <li
            className="breadcrumbs__item"
          >
            <a
              className="breadcrumbs__link"
            >
              Add review
            </a>
          </li>
        </ul>
      </nav>
      <UserBlock />
    </header>
    <div
      className="movie-card__poster movie-card__poster--small"
    >
      <img
        alt="Pulp Fiction"
        height="327"
        src="https://assets.htmlacademy.ru/intensives/javascript-3/film/poster/Pulp_Fiction.jpg"
        width="218"
      />
    </div>
  </div>
  <AddReviewForm
    background="#795433"
    currentFilmId={2}
    currentRate={0}
    errorStatus={false}
    isDisabled={true}
    onFormSubmit={[Function]}
    onInputChange={[Function]}
    onRateChange={[Function]}
    onSubmit={[Function]}
    onTextChange={[Function]}
    reviewText=""
  />
</section>
`;
