// Jest Snapshot v1, https://goo.gl/fbAQLP

exports[`Should withVideoPreview render correctly 1`] = `<div />`;
