// Jest Snapshot v1, https://goo.gl/fbAQLP

exports[`Should withViewType render correctly 1`] = `<div />`;
