// Jest Snapshot v1, https://goo.gl/fbAQLP

exports[`Should AddReviewForm render correctly 1`] = `
<div
  className="add-review"
>
  <form
    action="#"
    className="add-review__form"
    onSubmit={[Function]}
  >
    <div
      className="rating"
    >
      <div
        className="rating__stars"
      >
        <input
          checked={false}
          className="rating__input"
          id="star-1"
          name="rating"
          onChange={[Function]}
          type="radio"
          value={1}
        />
        <label
          className="rating__label"
          htmlFor="star-1"
        >
          Rating 
          1
        </label>
        <input
          checked={false}
          className="rating__input"
          id="star-2"
          name="rating"
          onChange={[Function]}
          type="radio"
          value={2}
        />
        <label
          className="rating__label"
          htmlFor="star-2"
        >
          Rating 
          2
        </label>
        <input
          checked={false}
          className="rating__input"
          id="star-3"
          name="rating"
          onChange={[Function]}
          type="radio"
          value={3}
        />
        <label
          className="rating__label"
          htmlFor="star-3"
        >
          Rating 
          3
        </label>
        <input
          checked={false}
          className="rating__input"
          id="star-4"
          name="rating"
          onChange={[Function]}
          type="radio"
          value={4}
        />
        <label
          className="rating__label"
          htmlFor="star-4"
        >
          Rating 
          4
        </label>
        <input
          checked={false}
          className="rating__input"
          id="star-5"
          name="rating"
          onChange={[Function]}
          type="radio"
          value={5}
        />
        <label
          className="rating__label"
          htmlFor="star-5"
        >
          Rating 
          5
        </label>
      </div>
    </div>
    
    <div
      className="add-review__text"
      style={
        Object {
          "backgroundColor": "#795433",
          "filter": "brightness(120%)",
        }
      }
    >
      <textarea
        className="add-review__textarea"
        id="review-text"
        maxLength="400"
        minLength="50"
        name="review-text"
        onChange={[Function]}
        placeholder="Review text"
        value="Anderson's films are too precious for some, but for those of us willing to lose ourselves in them, they're a delight. \\"The Grand Budapest Hotel\\" is no different, except that he has added a hint of gravitas to the mix, improving the recipe."
      />
      <div
        className="add-review__submit"
      >
        <button
          className="add-review__btn"
          disabled={false}
          type="submit"
        >
          Post
        </button>
      </div>
    </div>
  </form>
</div>
`;
