// Jest Snapshot v1, https://goo.gl/fbAQLP

exports[`Should App render correctly 1`] = `
<Main
  onPlayerButtonClick={[Function]}
  onUnauthorizedFavoriteClick={[Function]}
/>
`;
