// Jest Snapshot v1, https://goo.gl/fbAQLP

exports[`Should withShowMore render correctly 1`] = `<div />`;
