// Jest Snapshot v1, https://goo.gl/fbAQLP

exports[`Should SmallMovieCard render correctly 1`] = `
<article
  className="small-movie-card catalog__movies-card"
>
  <a
    className="small-movie-card__link"
    href="/films/2"
    onClick={[Function]}
  >
    <h3
      className="small-movie-card__title"
    >
      <span
        className="small-movie-card__link"
      >
        Pulp Fiction
      </span>
    </h3>
  </a>
</article>
`;
